=== day/add/today ===
[peer 1001]
📢 Расписание на сегодня

__ <b>{{wd}} <i>{{hint}}</i></b>, {{today}} __
1. Математика (Лек) Иванов И.И. {101}
2. Физика (ЛР) Петров П.П. {202}

=== day/add/tomorrow ===
[peer 1001]
📢 Расписание на завтра

__ <b>{{wd}} <i>{{hint}}</i></b>, {{tomorrow}} __
1. Математика (Лек) Иванов И.И. {101}
2. Физика (ЛР) Петров П.П. {202}

=== day/update/tomorrow ===
[peer 1001]
🆕 Изменено расписание завтра

__ <b>{{wd}} <i>{{hint}}</i></b>, {{tomorrow}} __
1. Математика (Лек) Иванов И.И. {101}
2. Физика (ЛР) Петров П.П. {202}

=== day/add/subscription ===
[peer 1002]
📢 Группа 63: расписание на завтра

__ <b>{{wd}} <i>{{hint}}</i></b>, {{tomorrow}} __
1. Математика (Лек) Иванов И.И. {101}
2. Физика (ЛР) Петров П.П. {202}

=== day/update/teacher ===
[peer 1003]
🆕 Преподаватель Иванов И.И.: изменено расписание завтра

__ <b>{{wd}} <i>{{hint}}</i></b>, {{tomorrow}} __
1. Математика (Лек) Иванов И.И. {101}
2. Физика (ЛР) Петров П.П. {202}

=== week/new ===
[peer 1001]
🆕 Доступно расписание на следующую неделю
  button: 📃 Показать -> timetable_g:63:{{week}}:0:1
[peer 1002]
🆕 Группа 63: доступно расписание на следующую неделю
  button: 📃 Показать -> timetable_g:63:{{week}}:0:1
[peer 1002]
🆕 Группа 77: доступно расписание на следующую неделю
  button: 📃 Показать -> timetable_g:77:{{week}}:0:1

=== week/withdrawn ===
[peer 1001]
❌ Расписание на следующую неделю отозвано.
Расписание ещё не окончательно и может измениться.
[peer 1002]
❌ Группа 63: расписание на следующую неделю отозвано.
Расписание ещё не окончательно и может измениться.

=== calls/changed ===
[peer 1001]
🔔 Изменено расписание звонков
Причина: Сокращённый день

__ Звонки (будни) __
1. 10:00 - 10:30 | 10:40 - 11:10

__ Звонки (суббота) __
1. 09:00 - 09:45 | 09:55 - 10:40

Полное расписание: нажмите Показать
  button: 📊 Показать -> calls_full

=== parser/error ===
[peer 1001]
Parser error
layout changed: no data for "th[colspan] with dd.MM.yyyy"
[peer 1009]
Parser error
layout changed: no data for "th[colspan] with dd.MM.yyyy"

=== cron/last-lesson ===
[peer 1001]
📢 Расписание на завтра

__ <b>{{wd}} <i>{{hint}}</i></b>, {{tomorrow}} __
1. Математика (Лек) Иванов И.И. {101}
2. Физика (ЛР) Петров П.П. {202}

