=== replyMainMenu ===
📚 Первоначальная настройка
📅 Google Calendar | 📅 ICS | ⚙️ Настройки
=== replySettingsMain ===
📚 Первоначальная настройка
🗓️ Управление расписаниями
⌨️ Кнопки | 📃 Форматировщик
🔊 Оповещения | 🔔 Подписки | 🖼️ Отображение | 📊 Сравнение
Показать текущие | Главное меню
=== replySettingsButtons ===
🚫 Кнопка "📄 На день" | 🚫 Кнопка "📑 На неделю"
🚫 Кнопка "🕐 Звонки" | 🚫 Кнопка "💡 О боте"
🚫 Кнопка "👩‍🎓 Группа" | 🚫 Кнопка "👩‍🏫 Преподаватель"
Меню настроек | Главное меню
=== replySettingsNotice ===
🔇 Оповещение о новых днях: Нет
🔇 Оповещение о новой неделе: Нет
🔇 Оповещение о звонках: Нет
Меню настроек | Главное меню
=== replySettingsView ===
🚫 Скрывать прошедшие дни
🚫 Время последней загрузки расписания
🚫 Показывать подсказки: Нет
Меню настроек | Главное меню
=== replySettingsDiff ===
🚫 Включить раздел "Что изменилось"
🧾 Лимит строк: 0
⚙️ Расширенные
Меню настроек | Главное меню
=== replySettingsDiffAdvanced ===
🚫 Показывать diff после /week
🚫 Показывать diff в уведомлениях
🚫 Показывать "старое -> новое"
⬅️ Базовые настройки
Меню настроек | Главное меню
=== replySettingsFormatters ===
📝 Стуктурированный (выбран) | 🌈 Визуальный
Компактный | 💩 LitolaxStyle
Меню настроек | Главное меню
=== replySettingsSchedules ===
🕐 Звонки: управление
Меню настроек | Главное меню
=== replySettingsAliases ===
Список | Добавить
Удалить
Отчистить все
Меню настроек | Главное меню
=== replySubscriptionsMenu ===
➕ Группа | ➕ Преподаватель
📋 Мои подписки | ❌ Удалить подписку | 🧪 Проверить
Меню настроек | Главное меню
=== replySelectMode ===
👀 Гость
👩‍🎓 Учащийся | 👩‍🏫 Преподаватель
👨‍👩‍👦 Родитель | 🔙 Пропустить
=== replyCancel ===
Отмена
=== replyStartButton ===
Начать
=== withCancelButton ===
Отмена
=== verticalValuesKeyboard ===
100
101
=== getWeekTimetableKeyboard ===
На неделю
=== weekTimetableButton ===
На неделю
=== weekTimetableButton(teacher) ===
На неделю
=== callsFullKeyboard ===
Показать полностью
=== weekControlKeyboard ===
➡️
📷 Сгенерировать изображение
=== googleMenuKeyboard ===
Список | Добавить
Права
=== googleListKeyboard(empty) ===
Обновить
Назад
=== googleListKeyboard(full) ===
Обновить
Удалить
Назад
=== googleAuthKeyboard ===
Привязать Google аккаунт
=== googleBackKeyboard ===
Назад
=== googleControlCalendarKeyboard ===
Настроить календарь
=== googlePermissionsControl ===
Дать права редактирования
Снять права редактирования
Назад
=== weekControlKeyboard(hidePast) ===
➡️
📷 Сгенерировать изображение
=== parserAlertKeyboard ===
🔄 Переразобрать сейчас
=== replyCallsSettings(admin) ===
📊 Показать
✅ Обновить с сайта
✏️ Изменить вручную
Источник: сайт | Источник: вручную
Источник: конфиг | ✅ Источник: авто
Меню настроек | Главное меню
=== replyCallsSettings(user) ===
📊 Показать
Меню настроек | Главное меню
=== replyMainMenu ===
📚 Первоначальная настройка
🕐 Звонки
📅 Google Calendar | 📅 ICS | ⚙️ Настройки | 💡 О боте
=== replySettingsButtons ===
✅ Кнопка "📄 На день" | ✅ Кнопка "📑 На неделю"
✅ Кнопка "🕐 Звонки" | ✅ Кнопка "💡 О боте"
✅ Кнопка "👩‍🎓 Группа" | ✅ Кнопка "👩‍🏫 Преподаватель"
Меню настроек | Главное меню
=== replySettingsButtons ===
✅ Кнопка "📄 На день" | 🚫 Кнопка "📑 На неделю"
🚫 Кнопка "🕐 Звонки" | 🚫 Кнопка "💡 О боте"
🚫 Кнопка "👩‍🎓 Группа" | 🚫 Кнопка "👩‍🏫 Преподаватель"
Меню настроек | Главное меню
=== replySettingsButtons ===
🚫 Кнопка "📄 На день" | ✅ Кнопка "📑 На неделю"
🚫 Кнопка "🕐 Звонки" | 🚫 Кнопка "💡 О боте"
🚫 Кнопка "👩‍🎓 Группа" | 🚫 Кнопка "👩‍🏫 Преподаватель"
Меню настроек | Главное меню
=== replyMainMenu ===
📚 Первоначальная настройка
🕐 Звонки | 📅 Google Calendar | 📅 ICS | ⚙️ Настройки
=== replySettingsButtons ===
🚫 Кнопка "📄 На день" | 🚫 Кнопка "📑 На неделю"
✅ Кнопка "🕐 Звонки" | 🚫 Кнопка "💡 О боте"
🚫 Кнопка "👩‍🎓 Группа" | 🚫 Кнопка "👩‍🏫 Преподаватель"
Меню настроек | Главное меню
=== replyMainMenu ===
📚 Первоначальная настройка
📅 Google Calendar | 📅 ICS | ⚙️ Настройки | 💡 О боте
=== replySettingsButtons ===
🚫 Кнопка "📄 На день" | 🚫 Кнопка "📑 На неделю"
🚫 Кнопка "🕐 Звонки" | ✅ Кнопка "💡 О боте"
🚫 Кнопка "👩‍🎓 Группа" | 🚫 Кнопка "👩‍🏫 Преподаватель"
Меню настроек | Главное меню
=== replySettingsButtons ===
🚫 Кнопка "📄 На день" | 🚫 Кнопка "📑 На неделю"
🚫 Кнопка "🕐 Звонки" | 🚫 Кнопка "💡 О боте"
✅ Кнопка "👩‍🎓 Группа" | 🚫 Кнопка "👩‍🏫 Преподаватель"
Меню настроек | Главное меню
=== replySettingsButtons ===
🚫 Кнопка "📄 На день" | 🚫 Кнопка "📑 На неделю"
🚫 Кнопка "🕐 Звонки" | 🚫 Кнопка "💡 О боте"
🚫 Кнопка "👩‍🎓 Группа" | ✅ Кнопка "👩‍🏫 Преподаватель"
Меню настроек | Главное меню
=== replySettingsView ===
✅ Скрывать прошедшие дни
✅ Время последней загрузки расписания
✅ Показывать подсказки: Да
Меню настроек | Главное меню
=== replySettingsNotice ===
🔈 Оповещение о новых днях: Да
🔈 Оповещение о новой неделе: Да
🔈 Оповещение о звонках: Да
Меню настроек | Главное меню
=== replySettingsDiff ===
✅ Включить раздел "Что изменилось"
🧾 Лимит строк: 25
⚙️ Расширенные
Меню настроек | Главное меню
=== replySettingsDiffAdvanced ===
✅ Показывать diff после /week
✅ Показывать diff в уведомлениях
✅ Показывать "старое -> новое"
⬅️ Базовые настройки
Меню настроек | Главное меню
=== groupHistoryKeyboard ===
100
101
=== teacherHistoryKeyboard ===
Иванов И.И.
=== replyMainMenu ===
👩‍🎓 Группа | 👩‍🏫 Преподаватель
📅 Google Calendar | 📅 ICS | ⚙️ Настройки
=== replyMainMenu ===
👩‍🎓 Группа | 👩‍🏫 Преподаватель
🕐 Звонки
📅 Google Calendar | 📅 ICS | ⚙️ Настройки | 💡 О боте
=== replyMainMenu ===
👩‍🎓 Группа | 👩‍🏫 Преподаватель
🕐 Звонки | 📅 Google Calendar | 📅 ICS | ⚙️ Настройки
=== replyMainMenu ===
👩‍🎓 Группа | 👩‍🏫 Преподаватель
📅 Google Calendar | 📅 ICS | ⚙️ Настройки | 💡 О боте
=== replyMainMenu ===
📅 Google Calendar | 📅 ICS | ⚙️ Настройки
=== replyMainMenu ===
📄 На день | 📑 На неделю
👩‍🎓 Группа | 🕐 Звонки | 👩‍🏫 Препод.
📅 Google Calendar | 📅 ICS | ⚙️ Настройки | 💡 О боте
=== replyMainMenu ===
📄 На день
📅 Google Calendar | 📅 ICS | ⚙️ Настройки
=== replyMainMenu ===
📑 На неделю
📅 Google Calendar | 📅 ICS | ⚙️ Настройки
=== replyMainMenu ===
🕐 Звонки | 📅 Google Calendar | 📅 ICS | ⚙️ Настройки
=== replyMainMenu ===
📅 Google Calendar | 📅 ICS | ⚙️ Настройки | 💡 О боте
=== replyMainMenu ===
👩‍🎓 Группа
📅 Google Calendar | 📅 ICS | ⚙️ Настройки
=== replyMainMenu ===
👩‍🏫 Преподаватель
📅 Google Calendar | 📅 ICS | ⚙️ Настройки
=== replyMainMenu ===
👩‍🎓 Группа | 🕐 Звонки | 👩‍🏫 Препод.
📅 Google Calendar | 📅 ICS | ⚙️ Настройки | 💡 О боте
=== replyMainMenu ===
📅 Google Calendar | 📅 ICS | ⚙️ Настройки | 📚 История
=== replyMainMenu ===
📄 На день | 📑 На неделю
👩‍🎓 Группа | 🕐 Звонки | 👩‍🏫 Препод.
📅 Google Calendar | 📅 ICS | ⚙️ Настройки | 📚 История | 💡 О боте
=== replyMainMenu ===
📄 На день
📅 Google Calendar | 📅 ICS | ⚙️ Настройки | 📚 История
=== replyMainMenu ===
📑 На неделю
📅 Google Calendar | 📅 ICS | ⚙️ Настройки | 📚 История
=== replyMainMenu ===
🕐 Звонки | 📅 Google Calendar | 📅 ICS | ⚙️ Настройки | 📚 История
=== replyMainMenu ===
📅 Google Calendar | 📅 ICS | ⚙️ Настройки | 📚 История | 💡 О боте
=== replyMainMenu ===
👩‍🎓 Группа
📅 Google Calendar | 📅 ICS | ⚙️ Настройки | 📚 История
=== replyMainMenu ===
👩‍🏫 Преподаватель
📅 Google Calendar | 📅 ICS | ⚙️ Настройки | 📚 История
