=== day/student/default ===
__ <b>{{wd}} <i>{{hint}}</i></b>, {{tomorrow}} __
1. Математика (Лек) Иванов И.И. {101}
2. Информатика (ЛР) Иванов И.И. {202}
3. Английский язык (Пр) Иванов И.И. {303}
=== day/student/visual ===
📅 <b>{{wd}} <i>{{hint}}</i></b>, {{tomorrow}}

1️⃣ Пара:
    📚 Математика (Лек)
    🎓 Иванов И.И.
    🏫 101

2️⃣ Пара:
    📚 Информатика (ЛР)
    🎓 Иванов И.И.
    🏫 202

3️⃣ Пара:
    📚 Английский язык (Пр)
    🎓 Иванов И.И.
    🏫 303
=== day/student/compact ===
__ <b>{{wd}} <i>{{hint}}</i></b>, {{tomorrow}} __
1. Математика {101}
2. Информатика {202}
3. Английский язык {303}
=== day/student/litolax ===

День - {{wd}} <i>{{hint}}</i>, {{tomorrow}}


<b>Пара: №{{week}}</b>
Математика (Лек) Иванов И.И.
Каб: 101

<b>Пара: №{{week}}</b>
Информатика (ЛР) Иванов И.И.
Каб: 202

<b>Пара: №{{week}}</b>
Английский язык (Пр) Иванов И.И.
Каб: 303
=== day/student/parser-error ===
__ <b>{{wd}} <i>{{hint}}</i></b>, {{tomorrow}} __
1. Математика (Лек) Иванов И.И. {101}
2. Информатика (ЛР) Иванов И.И. {202}
3. Английский язык (Пр) Иванов И.И. {303}

⚠️ В последний раз при получении расписания с сайта произошла ошибка. Есть вероятность, что расписание не актуальное. Если проблема не исчезнет - сообщите разработчику.
=== day/student/parser-time ===
__ <b>{{wd}} <i>{{hint}}</i></b>, {{tomorrow}} __
1. Математика (Лек) Иванов И.И. {101}
2. Информатика (ЛР) Иванов И.И. {202}
3. Английский язык (Пр) Иванов И.И. {303}

Информация была загружена {{ago}} назад
=== day/teacher/default ===
__ <b>{{wd}} <i>{{hint}}</i></b>, {{tomorrow}} __
1. Математика (Лек) {101}
=== day/guest ===
Первоначальная настройка ещё не была произведена
--- buttons ---
Начать
=== day/unknown-group ===
Данной учебной группы не существует
=== week/student ===
Учебная неделя №{{week}} ({{date}}-{{date}})

__ <b>{{wd}}</b>, {{date}} __
1. Математика (Лек) Иванов И.И. {101}
2. Информатика (ЛР) Иванов И.И. {202}
3. Английский язык (Пр) Иванов И.И. {303}

__ <b>{{wd}}</b>, {{date}} __
1. Информатика (Лек) Иванов И.И. {101}
2. Английский язык (ЛР) Иванов И.И. {202}
3. География (Пр) Иванов И.И. {303}

__ <b>{{wd}}</b>, {{date}} __
1. Английский язык (Лек) Иванов И.И. {101}
2. География (ЛР) Иванов И.И. {202}
3. Химия (Пр) Иванов И.И. {303}

__ <b>{{wd}}</b>, {{date}} __
1. География (Лек) Иванов И.И. {101}
2. Химия (ЛР) Иванов И.И. {202}
3. Биология (Пр) Иванов И.И. {303}

__ <b>{{wd}}</b>, {{date}} __
1. Химия (Лек) Иванов И.И. {101}
2. Биология (ЛР) Иванов И.И. {202}
3. Литература (Пр) Иванов И.И. {303}

__ <b>{{wd}}</b>, {{date}} __
1. Биология (Лек) Иванов И.И. {101}
2. Литература (ЛР) Иванов И.И. {202}
3. Математика (Пр) Иванов И.И. {303}
--- buttons ---
⬅️ -> timetable_g:777:{{week-1}}:0:0 | ➡️ -> timetable_g:777:{{week+1}}:0:0
📷 Сгенерировать изображение -> image_g:777:{{week}}
=== week/teacher ===
Учебная неделя №{{week}} ({{date}}-{{date}})

__ <b>{{wd}}</b>, {{date}} __
1. Математика (Лек) {101}

__ <b>{{wd}}</b>, {{date}} __
1. Информатика (Лек) {101}

__ <b>{{wd}}</b>, {{date}} __
1. Английский язык (Лек) {101}

__ <b>{{wd}}</b>, {{date}} __
1. География (Лек) {101}

__ <b>{{wd}}</b>, {{date}} __
1. Химия (Лек) {101}

__ <b>{{wd}}</b>, {{date}} __
1. Биология (Лек) {101}
--- buttons ---
⬅️ -> timetable_t:Петров П.П.:{{week-1}}:0:0 | ➡️ -> timetable_t:Петров П.П.:{{week+1}}:0:0
📷 Сгенерировать изображение -> image_t:Петров П.П.:{{week}}
=== calls/short ===
__ <b>Звонки (будни)</b> __
1. 08:00 - 08:45 | 08:55 - 09:40
2. 09:50 - 10:35 | 10:45 - 11:30

__ <b>Звонки (суббота)</b> __
1. 09:00 - 09:45 | 09:55 - 10:40
--- buttons ---
Показать полностью -> calls_full
=== calls/student/full ===
__ <b>Звонки (будни)</b> __
1. 08:00 - 08:45 | 08:55 - 09:40
2. 09:50 - 10:35 | 10:45 - 11:30

__ <b>Звонки (суббота)</b> __
1. 09:00 - 09:45 | 09:55 - 10:40
=== calls/manual-source ===
Причина: Сокращённый день

__ <b>Звонки (будни)</b> __
1. 10:00 - 10:30 | 10:40 - 11:10

__ <b>Звонки (суббота)</b> __
1. 09:00 - 09:45 | 09:55 - 10:40
--- buttons ---
Показать полностью -> calls_full
